
[7m[1m[36m RUN [39m[22m[27m [36mv1.6.1[39m [90mH:/Progetti/chess-v2[39m

 [33mÔØ»[39m packages/chess-core/src/domain/pacts/definitions/TheBerserker.test.ts [2m ([22m[2m9 tests[22m [2m|[22m [31m1 failed[39m[2m)[22m[90m 11[2mms[22m[39m
[31m   [33mÔØ»[31m packages/chess-core/src/domain/pacts/definitions/TheBerserker.test.ts[2m > [22mThe Berserker Pact ÔÇö BerserkerBonus (Pawn Hunter)[2m > [22mshould trigger frenzy when capturing an enemy PAWN[39m
[31m     ÔåÆ expected undefined to be 'frenzy' // Object.is equality[39m

node.exe : 
[31mÔÄ»ÔÄ»ÔÄ»ÔÄ»ÔÄ»ÔÄ»ÔÄ»[1m[7m 
Failed Tests 1 
[27m[22mÔÄ»ÔÄ»ÔÄ»ÔÄ»ÔÄ»ÔÄ»ÔÄ»[39m
In riga:1 car:1
+ & "C:\Program 
Files\nodejs/node.exe" 
"C:\Users\t38\AppData\Roaming\np ...
+ ~~~~~~~~~~~~~~~~~~~~~~~~~~~~~~~~~~~~
~~~~~~~~~~~~~~~~~~~~~~~~~~~~~~~~~
    + CategoryInfo          : NotSpec 
   ified: ([31mÔÄ»ÔÄ»ÔÄ»Ô...»ÔÄ»ÔÄ»  
  ÔÄ»[39m:String) [], RemoteExcept   
 ion
    + FullyQualifiedErrorId : NativeC 
   ommandError
 

[31m[1m[7m FAIL [27m[22m[39m pac
kages/chess-core/src/domain/pacts/defi
nitions/TheBerserker.test.ts[2m > 
[22mThe Berserker Pact ÔÇö 
BerserkerBonus (Pawn Hunter)[2m > 
[22mshould trigger frenzy when 
capturing an enemy PAWN
[31m[1mAssertionError[22m: 
expected undefined to be 'frenzy' // 
Object.is equality[39m

[32m- Expected:[39m 
"frenzy"

[31m+ Received:[39m 
undefined

[36m [2mÔØ»[22m packages/chess-core
/src/domain/pacts/definitions/TheBerse
rker.test.ts:[2m48:30[22m[39m
    [90m 46| [39m        [34mexpect
[39m(game[33m.[39mpactState[[32m'f
renzy_white'[39m][33m.[39mfrenzyPie
ceId)[33m.[39m[34mtoBe[39m(whitÔÇª
    [90m 47| [39m        [34mexpect
[39m(events[[34m0[39m][33m.[39mpa
ctId)[33m.[39m[34mtoBe[39m([32m'b
erserker'[39m)[33m;[39m
    [90m 48| [39m        [34mexpect
[39m(events[[34m0[39m][33m.[39mid
)[33m.[39m[34mtoBe[39m([32m'frenz
y'[39m)[33m;[39m
    [90m   | [39m                   
          [31m^[39m
    [90m 49| [39m    })[33m;[39m
    [90m 50| [39m

[31m[2mÔÄ»ÔÄ»ÔÄ»ÔÄ»ÔÄ»ÔÄ»ÔÄ»ÔÄ»ÔÄ»ÔÄ
»ÔÄ»ÔÄ»ÔÄ»ÔÄ»ÔÄ»ÔÄ»ÔÄ»ÔÄ»ÔÄ»ÔÄ»ÔÄ»ÔÄ»Ô
Ä»ÔÄ»[1/1]ÔÄ»[22m[39m

[2m Test Files [22m [1m[31m1 failed[39m[22m[90m (1)[39m
[2m      Tests [22m [1m[31m1 failed[39m[22m[2m | [22m[1m[32m8 passed[39m[22m[90m (9)[39m
[2m   Start at [22m 22:41:49
[2m   Duration [22m 925ms[2m (transform 293ms, setup 0ms, collect 409ms, tests 11ms, environment 0ms, prepare 137ms)[22m

